﻿
> iotrenetics-react@0.0.0 build
> vite build

[36mvite v7.3.1 [32mbuilding client environment for production...[36m[39m
transforming...
[32mΓ£ô[39m 892 modules transformed.
node.exe : [31mΓ£ù[39m Build failed in 2.37s
At line:1 char:1
+ & "C:\Program Files\nodejs/node.exe" "C:\Users\Priyanshu jain\AppData ...
+ ~~~~~~~~~~~~~~~~~~~~~~~~~~~~~~~~~~~~~~~~~~~~~~~~~~~~~~~~~~~~~~~~~~~~~
    + CategoryInfo          : NotSpecified: ([31mΓ£ù[39m Build failed in 2.37s:String) [], RemoteException
    + FullyQualifiedErrorId : NativeCommandError
 
[31merror during build:
[31msrc/App.jsx (25:7): "default" is not exported by "src/articles/SmartHomeAutomation.jsx", imported by 
"src/App.jsx".[31m
file: [36mC:/Users/Priyanshu jain/Desktop/Priyanshu 
Jain/PROJECTS/Iotrenetics-Deployment-main/iotrenetics-react/src/App.jsx:25:7[31m
[33m
23: import ARVR_and_Immersive_technologies from './sub-pages/ARVR_and_Immersive_technologies';
24: import Digital_Transformation_Systems from './sub-pages/Digital_Transformation_Systems';
25: import SmartHomeAutomation from './articles/SmartHomeAutomation';
           ^
26: import AIOT from './articles/AIOT';
27: import IndustrialIOT from './articles/IndustrialIOT';
[31m
    at getRollupError (file:///C:/Users/Priyanshu%20jain/Desktop/Priyanshu%20Jain/PROJECTS/Iotrenetics-Deployment-main/
iotrenetics-react/node_modules/rollup/dist/es/shared/parseAst.js:402:41)
    at error (file:///C:/Users/Priyanshu%20jain/Desktop/Priyanshu%20Jain/PROJECTS/Iotrenetics-Deployment-main/iotreneti
cs-react/node_modules/rollup/dist/es/shared/parseAst.js:398:42)
    at Module.error (file:///C:/Users/Priyanshu%20jain/Desktop/Priyanshu%20Jain/PROJECTS/Iotrenetics-Deployment-main/io
trenetics-react/node_modules/rollup/dist/es/shared/node-entry.js:17040:16)
    at Module.traceVariable (file:///C:/Users/Priyanshu%20jain/Desktop/Priyanshu%20Jain/PROJECTS/Iotrenetics-Deployment
-main/iotrenetics-react/node_modules/rollup/dist/es/shared/node-entry.js:17452:29)
    at ModuleScope.findVariable (file:///C:/Users/Priyanshu%20jain/Desktop/Priyanshu%20Jain/PROJECTS/Iotrenetics-Deploy
ment-main/iotrenetics-react/node_modules/rollup/dist/es/shared/node-entry.js:15070:39)
    at FunctionScope.findVariable (file:///C:/Users/Priyanshu%20jain/Desktop/Priyanshu%20Jain/PROJECTS/Iotrenetics-Depl
oyment-main/iotrenetics-react/node_modules/rollup/dist/es/shared/node-entry.js:5673:38)
    at FunctionBodyScope.findVariable (file:///C:/Users/Priyanshu%20jain/Desktop/Priyanshu%20Jain/PROJECTS/Iotrenetics-
Deployment-main/iotrenetics-react/node_modules/rollup/dist/es/shared/node-entry.js:5673:38)
    at Identifier.bind (file:///C:/Users/Priyanshu%20jain/Desktop/Priyanshu%20Jain/PROJECTS/Iotrenetics-Deployment-main
/iotrenetics-react/node_modules/rollup/dist/es/shared/node-entry.js:5447:40)
    at CallExpression.bind (file:///C:/Users/Priyanshu%20jain/Desktop/Priyanshu%20Jain/PROJECTS/Iotrenetics-Deployment-
main/iotrenetics-react/node_modules/rollup/dist/es/shared/node-entry.js:2825:28)
    at CallExpression.bind (file:///C:/Users/Priyanshu%20jain/Desktop/Priyanshu%20Jain/PROJECTS/Iotrenetics-Deployment-
main/iotrenetics-react/node_modules/rollup/dist/es/shared/node-entry.js:12179:15)[39m
